---
source: src/commerce/dal/product_categories_tests.rs
expression: found_categories_en
---
[
    Some(
        ProductCategory {
            name: Some(
                "café",
            ),
            translations: [
                ProductCategoryMultilingualTranslations {
                    locale: EnUS,
                    name: "coffee",
                },
                ProductCategoryMultilingualTranslations {
                    locale: EsMX,
                    name: "café",
                },
            ],
        },
    ),
    Some(
        ProductCategory {
            name: Some(
                "té",
            ),
            translations: [
                ProductCategoryMultilingualTranslations {
                    locale: EnUS,
                    name: "tea",
                },
                ProductCategoryMultilingualTranslations {
                    locale: EsMX,
                    name: "té",
                },
            ],
        },
    ),
    Some(
        ProductCategory {
            name: Some(
                "dumplings",
            ),
            translations: [
                ProductCategoryMultilingualTranslations {
                    locale: EnUS,
                    name: "dumplings",
                },
                ProductCategoryMultilingualTranslations {
                    locale: EsMX,
                    name: "dumplings",
                },
            ],
        },
    ),
    Some(
        ProductCategory {
            name: Some(
                "otro",
            ),
            translations: [
                ProductCategoryMultilingualTranslations {
                    locale: EnUS,
                    name: "other",
                },
                ProductCategoryMultilingualTranslations {
                    locale: EsMX,
                    name: "otro",
                },
            ],
        },
    ),
]
