---
source: crates/server/src/graphql_schema.rs
expression: "super::create_graphql_schema().as_schema_language()"
---
type Query {
  mobileEntrypointSections(key: String!): [SDUISection!]!
}

type SDUISection {
  "GraphQL description \u129327"
  id: String!
  title: String!
}

schema {
  query: Query
}

