---
source: server/src/clap.rs
assertion_line: 80
expression: generate_clap_app().render_help().to_string()
---
Usage: server [OPTIONS] [COMMAND]

Commands:
  generate-cli-completions  
  help                      Print this message or the help of the given subcommand(s)

Options:
      --arangodb-url <arangodb-url>
          [env: ARANGODB_URL=]
      --arangodb-database <arangodb-database>
          [env: ARANGODB_DATABASE=]
      --arangodb-username <arangodb-username>
          [env: ARANGODB_USERNAME=]
      --arangodb-password <arangodb-password>
          [env: ARANGODB_PASSWORD=]
      --stripe-restricted-api-key <stripe-restricted-api-key>
          Restricted Stripe.com API key (prefixed by 'rk_*') [env: STRIPE_RESTRICTED_API_KEY=]
      --stripe-webhook-secret <stripe-webhook-secret>
          Secret key for webhooks verification (prefixed by 'whsec_*'). [env: STRIPE_WEBHOOK_SECRET=]
  -h, --help
          Print help (see more with '--help')
  -V, --version
          Print version
