---
source: server/src/clap.rs
assertion_line: 86
expression: generate_clap_app().render_help().to_string()
---
Usage: server [OPTIONS] [COMMAND]

Commands:
  generate-cli-completions  
  help                      Print this message or the help of the given subcommand(s)

Options:
      --no-migrations
          Skips database migrations
      --arangodb-url <arangodb-url>
          [default: http://127.0.0.1:8529/]
      --arangodb-database <arangodb-database>
          [default: abacus]
      --arangodb-username <arangodb-username>
          [default: abacus]
      --arangodb-password <arangodb-password>
          [default: ]
      --stripe-restricted-api-key <stripe-restricted-api-key>
          Restricted Stripe.com API key (prefixed by 'rk_*') [env: STRIPE_RESTRICTED_API_KEY=]
      --stripe-webhook-secret <stripe-webhook-secret>
          Secret key for webhooks verification. [env: STRIPE_WEBHOOK_SECRET=]
  -h, --help
          Print help (see more with '--help')
  -V, --version
          Print version

