---
source: src/commerce/dal/product_categories_tests.rs
expression: found_categories_en
---
[
    Some(
        ProductCategory {
            name: Some(
                "café",
            ),
            translations: [
                ProductCategoryMultilingualTranslations {
                    locale: EnUS,
                    name: "coffee",
                },
                ProductCategoryMultilingualTranslations {
                    locale: EsMX,
                    name: "café",
                },
            ],
        },
    ),
]
