---
source: src/commerce/dal/products_tests.rs
expression: searched_products
---
[
    Some(
        Product {
            name: "Product name in english",
            description: None,
            images: [],
            unit_label: "piece",
            is_published: false,
            visibility: [],
            price: Price {
                unit_amount: 0,
                unit_amount_currency: MXN,
            },
            translations: [
                ProductMultilingualTranslations {
                    locale: EnUS,
                    name: "Product name in english",
                    description: None,
                },
            ],
        },
    ),
]
