---
source: server/src/migrations/v4__create_collection_products.rs
expression: "schema.validate(&json!({\n                           \"images\" : [], \"unit_label\" : \"\", \"is_published\" : false,\n                           \"created\" : \"\", \"visibility\" : [], \"updated\" : \"\",\n                           \"price\" :\n                           {\n                               \"unit_amount\" : 42, \"unit_amount_currency\" :\n                               \"MXN\"\n                           }, \"translations\" :\n                           [{\n                                \"locale\" : \"en_US\", \"name\" : \"\", \"description\"\n                                : \"\"\n                            },\n                            {\n                                \"locale\" : \"es_MX\", \"name\" : \"\", \"description\"\n                                : \"\"\n                            }]\n                       }))"
---
{
  "errors": [
    {
      "code": "min_length",
      "title": "MinLength condition is not met",
      "path": "/unit_label"
    },
    {
      "code": "min_length",
      "title": "MinLength condition is not met",
      "path": "/created"
    },
    {
      "code": "min_length",
      "title": "MinLength condition is not met",
      "path": "/updated"
    },
    {
      "code": "min_length",
      "title": "MinLength condition is not met",
      "path": "/translations/0/name"
    },
    {
      "code": "min_length",
      "title": "MinLength condition is not met",
      "path": "/translations/0/description"
    },
    {
      "code": "min_length",
      "title": "MinLength condition is not met",
      "path": "/translations/1/name"
    },
    {
      "code": "min_length",
      "title": "MinLength condition is not met",
      "path": "/translations/1/description"
    }
  ],
  "missing": []
}
