---
source: src/migrations/v4__create_collection_products.rs
expression: "schema.validate(&json!({ }))"
---
{
  "errors": [
    {
      "code": "required",
      "path": "/images",
      "title": "This property is required"
    },
    {
      "code": "required",
      "path": "/unit_label",
      "title": "This property is required"
    },
    {
      "code": "required",
      "path": "/is_published",
      "title": "This property is required"
    },
    {
      "code": "required",
      "path": "/visibility",
      "title": "This property is required"
    },
    {
      "code": "required",
      "path": "/created",
      "title": "This property is required"
    },
    {
      "code": "required",
      "path": "/updated",
      "title": "This property is required"
    },
    {
      "code": "required",
      "path": "/price",
      "title": "This property is required"
    },
    {
      "code": "required",
      "path": "/translations",
      "title": "This property is required"
    }
  ],
  "missing": []
}
