// Jest Snapshot v1, https://goo.gl/fbAQLP

exports[`TKTK 1`] = `
{
  "action": "user_update",
  "annotation": {
    "assigned_at": "2023-05-23T19:32:06.343109Z",
    "assignees": [],
    "automated": false,
    "automatically_rejected": false,
    "automation_blocker": "https://api.elis.rossum.ai/v1/automation_blockers/19555592",
    "confirmed_at": null,
    "confirmed_by": null,
    "content": [
      {
        "category": "section",
        "children": [
          {
            "category": "datapoint",
            "content": {
              "connector_position": null,
              "connector_text": null,
              "normalized_value": null,
              "ocr_position": null,
              "ocr_raw_text": null,
              "ocr_text": null,
              "page": 1,
              "position": [
                1024,
                90,
                1166,
                132,
              ],
              "rir_confidence": 0.9508076435100687,
              "rir_page": 1,
              "rir_position": [
                1024,
                90,
                1166,
                132,
              ],
              "rir_raw_text": "20110166",
              "rir_text": "20110166",
              "value": "20110166",
            },
            "id": 3877884924,
            "schema_id": "document_id",
            "time_spent": 1.66,
            "time_spent_overall": 1.66,
            "url": "https://api.elis.rossum.ai/v1/annotations/32762322/content/3877884924",
            "validation_sources": [],
          },
          {
            "category": "datapoint",
            "content": {
              "connector_position": null,
              "connector_text": null,
              "normalized_value": null,
              "ocr_position": null,
              "ocr_raw_text": null,
              "ocr_text": null,
              "page": null,
              "position": null,
              "rir_confidence": 0.9663755939343275,
              "rir_page": null,
              "rir_position": null,
              "rir_raw_text": "",
              "rir_text": "",
              "value": "",
            },
            "id": 3877884925,
            "schema_id": "order_id",
            "time_spent": 0,
            "time_spent_overall": 0,
            "url": "https://api.elis.rossum.ai/v1/annotations/32762322/content/3877884925",
            "validation_sources": [
              "not_found",
            ],
          },
          {
            "category": "datapoint",
            "content": {
              "connector_position": null,
              "connector_text": null,
              "normalized_value": "2011-04-05",
              "ocr_position": null,
              "ocr_raw_text": null,
              "ocr_text": null,
              "page": 1,
              "position": [
                718,
                474,
                834,
                504,
              ],
              "rir_confidence": 0.9608217406355648,
              "rir_page": 1,
              "rir_position": [
                718,
                474,
                834,
                504,
              ],
              "rir_raw_text": "05.04.2011",
              "rir_text": "4/5/2011",
              "value": "4/5/2011",
            },
            "id": 3877884926,
            "schema_id": "date_issue",
            "time_spent": 0,
            "time_spent_overall": 0,
            "url": "https://api.elis.rossum.ai/v1/annotations/32762322/content/3877884926",
            "validation_sources": [],
          },
          {
            "category": "datapoint",
            "content": {
              "connector_position": null,
              "connector_text": null,
              "normalized_value": "2011-04-19",
              "ocr_position": null,
              "ocr_raw_text": null,
              "ocr_text": null,
              "page": 1,
              "position": [
                1034,
                474,
                1154,
                510,
              ],
              "rir_confidence": 0.9798154628195435,
              "rir_page": 1,
              "rir_position": [
                1034,
                474,
                1154,
                510,
              ],
              "rir_raw_text": "19.04.2011",
              "rir_text": "4/19/2011",
              "value": "4/19/2011",
            },
            "id": 3877884927,
            "schema_id": "date_due",
            "time_spent": 0,
            "time_spent_overall": 0,
            "url": "https://api.elis.rossum.ai/v1/annotations/32762322/content/3877884927",
            "validation_sources": [
              "score",
            ],
          },
          {
            "category": "datapoint",
            "content": {
              "connector_position": null,
              "connector_text": null,
              "normalized_value": null,
              "ocr_position": null,
              "ocr_raw_text": null,
              "ocr_text": null,
              "page": null,
              "position": null,
              "rir_confidence": 0.9599071279904432,
              "rir_page": null,
              "rir_position": null,
              "rir_raw_text": "tax_invoice",
              "rir_text": "tax_invoice",
              "value": "tax_invoice",
            },
            "id": 3877884928,
            "schema_id": "document_type",
            "time_spent": 0,
            "time_spent_overall": 0,
            "url": "https://api.elis.rossum.ai/v1/annotations/32762322/content/3877884928",
            "validation_sources": [],
          },
          {
            "category": "datapoint",
            "content": {
              "connector_position": null,
              "connector_text": null,
              "normalized_value": null,
              "ocr_position": null,
              "ocr_raw_text": null,
              "ocr_text": null,
              "page": null,
              "position": null,
              "rir_confidence": 0.9686020801894684,
              "rir_page": null,
              "rir_position": null,
              "rir_raw_text": "slk",
              "rir_text": "slk",
              "value": "slk",
            },
            "id": 3877884929,
            "schema_id": "language",
            "time_spent": 0,
            "time_spent_overall": 0,
            "url": "https://api.elis.rossum.ai/v1/annotations/32762322/content/3877884929",
            "validation_sources": [],
          },
          {
            "category": "datapoint",
            "content": {
              "connector_position": null,
              "connector_text": null,
              "normalized_value": null,
              "ocr_position": null,
              "ocr_raw_text": null,
              "ocr_text": null,
              "page": null,
              "position": null,
              "rir_confidence": 0.9713391093643888,
              "rir_page": null,
              "rir_position": null,
              "rir_raw_text": "",
              "rir_text": "",
              "value": "",
            },
            "id": 3877884930,
            "schema_id": "customer_id",
            "time_spent": 0,
            "time_spent_overall": 0,
            "url": "https://api.elis.rossum.ai/v1/annotations/32762322/content/3877884930",
            "validation_sources": [
              "not_found",
            ],
          },
          {
            "category": "datapoint",
            "content": {
              "connector_position": null,
              "connector_text": null,
              "normalized_value": "2011-04-05",
              "ocr_position": null,
              "ocr_raw_text": null,
              "ocr_text": null,
              "page": 1,
              "position": [
                878,
                474,
                996,
                504,
              ],
              "rir_confidence": 0.9861826901622215,
              "rir_page": 1,
              "rir_position": [
                878,
                474,
                996,
                504,
              ],
              "rir_raw_text": "05.04.2011",
              "rir_text": "4/5/2011",
              "value": "4/5/2011",
            },
            "id": 3877884931,
            "schema_id": "date_uzp",
            "time_spent": 0,
            "time_spent_overall": 0,
            "url": "https://api.elis.rossum.ai/v1/annotations/32762322/content/3877884931",
            "validation_sources": [
              "score",
            ],
          },
          {
            "category": "datapoint",
            "content": {
              "connector_position": null,
              "connector_text": null,
              "normalized_value": null,
              "ocr_position": null,
              "ocr_raw_text": null,
              "ocr_text": null,
              "page": null,
              "position": null,
              "rir_confidence": 0.9911924297907186,
              "rir_page": null,
              "rir_position": null,
              "rir_raw_text": "",
              "rir_text": "",
              "value": "",
            },
            "id": 3877884932,
            "schema_id": "sender_order_id",
            "time_spent": 0,
            "time_spent_overall": 0,
            "url": "https://api.elis.rossum.ai/v1/annotations/32762322/content/3877884932",
            "validation_sources": [
              "not_found",
            ],
          },
          {
            "category": "datapoint",
            "content": {
              "connector_position": null,
              "connector_text": null,
              "normalized_value": null,
              "ocr_position": null,
              "ocr_raw_text": null,
              "ocr_text": null,
              "page": null,
              "position": null,
              "rir_confidence": 0.97595440359283,
              "rir_page": null,
              "rir_position": null,
              "rir_raw_text": "",
              "rir_text": "",
              "value": "",
            },
            "id": 3877884933,
            "schema_id": "delivery_note_id",
            "time_spent": 0,
            "time_spent_overall": 0,
            "url": "https://api.elis.rossum.ai/v1/annotations/32762322/content/3877884933",
            "validation_sources": [
              "not_found",
            ],
          },
          {
            "category": "datapoint",
            "content": {
              "connector_position": null,
              "connector_text": null,
              "normalized_value": null,
              "ocr_position": null,
              "ocr_raw_text": null,
              "ocr_text": null,
              "page": null,
              "position": null,
              "rir_confidence": 0.9980457090403682,
              "rir_page": null,
              "rir_position": null,
              "rir_raw_text": "",
              "rir_text": "",
              "value": "",
            },
            "id": 3877884934,
            "schema_id": "supply_place",
            "time_spent": 0,
            "time_spent_overall": 0,
            "url": "https://api.elis.rossum.ai/v1/annotations/32762322/content/3877884934",
            "validation_sources": [
              "not_found",
            ],
          },
        ],
        "id": 3877884923,
        "schema_id": "basic_info_section",
        "url": "https://api.elis.rossum.ai/v1/annotations/32762322/content/3877884923",
      },
      {
        "category": "section",
        "children": [
          {
            "category": "datapoint",
            "content": {
              "connector_position": null,
              "connector_text": null,
              "normalized_value": null,
              "ocr_position": null,
              "ocr_raw_text": null,
              "ocr_text": null,
              "page": 1,
              "position": [
                860,
                618,
                962,
                648,
              ],
              "rir_confidence": 0.949784016627538,
              "rir_page": 1,
              "rir_position": [
                860,
                618,
                962,
                648,
              ],
              "rir_raw_text": "4000496200",
              "rir_text": "4000496200",
              "value": "4000496200",
            },
            "id": 3877884936,
            "schema_id": "account_num",
            "time_spent": 0,
            "time_spent_overall": 0,
            "url": "https://api.elis.rossum.ai/v1/annotations/32762322/content/3877884936",
            "validation_sources": [],
          },
          {
            "category": "datapoint",
            "content": {
              "connector_position": null,
              "connector_text": null,
              "normalized_value": null,
              "ocr_position": null,
              "ocr_raw_text": null,
              "ocr_text": null,
              "page": 1,
              "position": [
                961,
                618,
                1009,
                648,
              ],
              "rir_confidence": 0.764122440619966,
              "rir_page": 1,
              "rir_position": [
                961,
                618,
                1009,
                648,
              ],
              "rir_raw_text": "/3100",
              "rir_text": "3100",
              "value": "3100",
            },
            "id": 3877884937,
            "schema_id": "bank_num",
            "time_spent": 0,
            "time_spent_overall": 0,
            "url": "https://api.elis.rossum.ai/v1/annotations/32762322/content/3877884937",
            "validation_sources": [],
          },
          {
            "category": "datapoint",
            "content": {
              "connector_position": null,
              "connector_text": null,
              "normalized_value": null,
              "ocr_position": null,
              "ocr_raw_text": null,
              "ocr_text": null,
              "page": 1,
              "position": [
                859,
                666,
                1127,
                696,
              ],
              "rir_confidence": 0.9813244767913153,
              "rir_page": 1,
              "rir_position": [
                859,
                666,
                1127,
                696,
              ],
              "rir_raw_text": "SK43 3100 0000 0040 0049 6200",
              "rir_text": "SK43 3100 0000 0040 0049 6200",
              "value": "SK43 3100 0000 0040 0049 6200",
            },
            "id": 3877884938,
            "schema_id": "iban",
            "time_spent": 0,
            "time_spent_overall": 0,
            "url": "https://api.elis.rossum.ai/v1/annotations/32762322/content/3877884938",
            "validation_sources": [
              "score",
            ],
          },
          {
            "category": "datapoint",
            "content": {
              "connector_position": null,
              "connector_text": null,
              "normalized_value": null,
              "ocr_position": null,
              "ocr_raw_text": null,
              "ocr_text": null,
              "page": 1,
              "position": [
                860,
                642,
                966,
                672,
              ],
              "rir_confidence": 0.9694349890799894,
              "rir_page": 1,
              "rir_position": [
                860,
                642,
                966,
                672,
              ],
              "rir_raw_text": "LUBASKBX",
              "rir_text": "LUBASKBX",
              "value": "LUBASKBX",
            },
            "id": 3877884939,
            "schema_id": "bic",
            "time_spent": 0,
            "time_spent_overall": 0,
            "url": "https://api.elis.rossum.ai/v1/annotations/32762322/content/3877884939",
            "validation_sources": [],
          },
          {
            "category": "datapoint",
            "content": {
              "connector_position": null,
              "connector_text": null,
              "normalized_value": null,
              "ocr_position": null,
              "ocr_raw_text": null,
              "ocr_text": null,
              "page": null,
              "position": null,
              "rir_confidence": 0.9629066710126312,
              "rir_page": null,
              "rir_position": null,
              "rir_raw_text": "",
              "rir_text": "",
              "value": "",
            },
            "id": 3877884940,
            "schema_id": "terms",
            "time_spent": 0,
            "time_spent_overall": 0,
            "url": "https://api.elis.rossum.ai/v1/annotations/32762322/content/3877884940",
            "validation_sources": [
              "not_found",
            ],
          },
          {
            "category": "datapoint",
            "content": {
              "connector_position": null,
              "connector_text": null,
              "normalized_value": null,
              "ocr_position": null,
              "ocr_raw_text": null,
              "ocr_text": null,
              "page": 1,
              "position": [
                862,
                546,
                914,
                576,
              ],
              "rir_confidence": 0.9968912926819454,
              "rir_page": 1,
              "rir_position": [
                862,
                546,
                914,
                576,
              ],
              "rir_raw_text": "0308",
              "rir_text": "0308",
              "value": "0308",
            },
            "id": 3877884941,
            "schema_id": "const_sym",
            "time_spent": 0,
            "time_spent_overall": 0,
            "url": "https://api.elis.rossum.ai/v1/annotations/32762322/content/3877884941",
            "validation_sources": [
              "score",
            ],
          },
          {
            "category": "datapoint",
            "content": {
              "connector_position": null,
              "connector_text": null,
              "normalized_value": null,
              "ocr_position": null,
              "ocr_raw_text": null,
              "ocr_text": null,
              "page": null,
              "position": null,
              "rir_confidence": 0.9891846150342352,
              "rir_page": null,
              "rir_position": null,
              "rir_raw_text": "",
              "rir_text": "",
              "value": "",
            },
            "id": 3877884942,
            "schema_id": "var_sym",
            "time_spent": 0,
            "time_spent_overall": 0,
            "url": "https://api.elis.rossum.ai/v1/annotations/32762322/content/3877884942",
            "validation_sources": [
              "not_found",
            ],
          },
          {
            "category": "datapoint",
            "content": {
              "connector_position": null,
              "connector_text": null,
              "normalized_value": null,
              "ocr_position": null,
              "ocr_raw_text": null,
              "ocr_text": null,
              "page": null,
              "position": null,
              "rir_confidence": 0.9989065471440312,
              "rir_page": null,
              "rir_position": null,
              "rir_raw_text": "",
              "rir_text": "",
              "value": "",
            },
            "id": 3877884943,
            "schema_id": "spec_sym",
            "time_spent": 0,
            "time_spent_overall": 0,
            "url": "https://api.elis.rossum.ai/v1/annotations/32762322/content/3877884943",
            "validation_sources": [
              "not_found",
            ],
          },
          {
            "category": "datapoint",
            "content": {
              "connector_position": null,
              "connector_text": null,
              "normalized_value": null,
              "ocr_position": null,
              "ocr_raw_text": null,
              "ocr_text": null,
              "page": 1,
              "position": [
                862,
                504,
                1040,
                528,
              ],
              "rir_confidence": 0.9650738362802129,
              "rir_page": 1,
              "rir_position": [
                862,
                504,
                1040,
                528,
              ],
              "rir_raw_text": "Prevodným príkazom",
              "rir_text": "Prevodným príkazom",
              "value": "Prevodným príkazom",
            },
            "id": 3877884944,
            "schema_id": "payment_method",
            "time_spent": 0,
            "time_spent_overall": 0,
            "url": "https://api.elis.rossum.ai/v1/annotations/32762322/content/3877884944",
            "validation_sources": [],
          },
        ],
        "id": 3877884935,
        "schema_id": "payment_info_section",
        "url": "https://api.elis.rossum.ai/v1/annotations/32762322/content/3877884935",
      },
      {
        "category": "section",
        "children": [
          {
            "category": "datapoint",
            "content": {
              "connector_position": null,
              "connector_text": null,
              "normalized_value": "1132.87",
              "ocr_position": null,
              "ocr_raw_text": null,
              "ocr_text": null,
              "page": 1,
              "position": [
                1073,
                978,
                1159,
                1008,
              ],
              "rir_confidence": 0.942803453818233,
              "rir_page": 1,
              "rir_position": [
                1073,
                978,
                1159,
                1008,
              ],
              "rir_raw_text": "1 132,87",
              "rir_text": "1,132.87",
              "value": "1,132.87",
            },
            "id": 3877884946,
            "schema_id": "amount_total_base",
            "time_spent": 0,
            "time_spent_overall": 0,
            "url": "https://api.elis.rossum.ai/v1/annotations/32762322/content/3877884946",
            "validation_sources": [
              "checks",
            ],
          },
          {
            "category": "datapoint",
            "content": {
              "connector_position": null,
              "connector_text": null,
              "normalized_value": null,
              "ocr_position": null,
              "ocr_raw_text": null,
              "ocr_text": null,
              "page": null,
              "position": null,
              "rir_confidence": 0.9681369932345559,
              "rir_page": null,
              "rir_position": null,
              "rir_raw_text": "",
              "rir_text": "",
              "value": "",
            },
            "id": 3877884947,
            "schema_id": "amount_total_tax",
            "time_spent": 0,
            "time_spent_overall": 0,
            "url": "https://api.elis.rossum.ai/v1/annotations/32762322/content/3877884947",
            "validation_sources": [
              "not_found",
            ],
          },
          {
            "category": "datapoint",
            "content": {
              "connector_position": null,
              "connector_text": null,
              "normalized_value": "1132.87",
              "ocr_position": null,
              "ocr_raw_text": null,
              "ocr_text": null,
              "page": 1,
              "position": [
                1066,
                1080,
                1160,
                1110,
              ],
              "rir_confidence": 0.9576046348152487,
              "rir_page": 1,
              "rir_position": [
                1066,
                1080,
                1160,
                1110,
              ],
              "rir_raw_text": "1 132,87",
              "rir_text": "1,132.87",
              "value": "1,132.87",
            },
            "id": 3877884948,
            "schema_id": "amount_due",
            "time_spent": 0,
            "time_spent_overall": 0,
            "url": "https://api.elis.rossum.ai/v1/annotations/32762322/content/3877884948",
            "validation_sources": [],
          },
          {
            "category": "datapoint",
            "content": {
              "connector_position": null,
              "connector_text": null,
              "normalized_value": null,
              "ocr_position": null,
              "ocr_raw_text": null,
              "ocr_text": null,
              "page": null,
              "position": null,
              "rir_confidence": 0.9416914151108489,
              "rir_page": null,
              "rir_position": null,
              "rir_raw_text": "eur",
              "rir_text": "eur",
              "value": "eur",
            },
            "id": 3877884949,
            "schema_id": "currency",
            "time_spent": 0,
            "time_spent_overall": 0,
            "url": "https://api.elis.rossum.ai/v1/annotations/32762322/content/3877884949",
            "validation_sources": [],
          },
          {
            "category": "multivalue",
            "children": [
              {
                "category": "tuple",
                "children": [
                  {
                    "category": "datapoint",
                    "content": {
                      "connector_position": null,
                      "connector_text": null,
                      "normalized_value": "20",
                      "ocr_position": null,
                      "ocr_raw_text": null,
                      "ocr_text": null,
                      "page": 1,
                      "position": [
                        917,
                        894,
                        951,
                        918,
                      ],
                      "rir_confidence": 0.354913208451024,
                      "rir_page": 1,
                      "rir_position": [
                        917,
                        894,
                        951,
                        918,
                      ],
                      "rir_raw_text": "20",
                      "rir_text": "20",
                      "value": "20",
                    },
                    "id": 3877884952,
                    "schema_id": "tax_detail_rate",
                    "time_spent": 0,
                    "time_spent_overall": 0,
                    "url": "https://api.elis.rossum.ai/v1/annotations/32762322/content/3877884952",
                    "validation_sources": [],
                  },
                  {
                    "category": "datapoint",
                    "content": {
                      "connector_position": null,
                      "connector_text": null,
                      "normalized_value": null,
                      "ocr_position": null,
                      "ocr_raw_text": null,
                      "ocr_text": null,
                      "page": null,
                      "position": null,
                      "rir_confidence": null,
                      "rir_page": null,
                      "rir_position": null,
                      "rir_raw_text": "",
                      "rir_text": "",
                      "value": "",
                    },
                    "id": 3877884953,
                    "schema_id": "tax_detail_base",
                    "time_spent": 0,
                    "time_spent_overall": 0,
                    "url": "https://api.elis.rossum.ai/v1/annotations/32762322/content/3877884953",
                    "validation_sources": [
                      "not_found",
                    ],
                  },
                  {
                    "category": "datapoint",
                    "content": {
                      "connector_position": null,
                      "connector_text": null,
                      "normalized_value": null,
                      "ocr_position": null,
                      "ocr_raw_text": null,
                      "ocr_text": null,
                      "page": null,
                      "position": null,
                      "rir_confidence": null,
                      "rir_page": null,
                      "rir_position": null,
                      "rir_raw_text": "",
                      "rir_text": "",
                      "value": "",
                    },
                    "id": 3877884954,
                    "schema_id": "tax_detail_tax",
                    "time_spent": 0,
                    "time_spent_overall": 0,
                    "url": "https://api.elis.rossum.ai/v1/annotations/32762322/content/3877884954",
                    "validation_sources": [
                      "not_found",
                    ],
                  },
                  {
                    "category": "datapoint",
                    "content": {
                      "connector_position": null,
                      "connector_text": null,
                      "normalized_value": null,
                      "ocr_position": null,
                      "ocr_raw_text": null,
                      "ocr_text": null,
                      "page": null,
                      "position": null,
                      "rir_confidence": null,
                      "rir_page": null,
                      "rir_position": null,
                      "rir_raw_text": "",
                      "rir_text": "",
                      "value": "",
                    },
                    "id": 3877884955,
                    "schema_id": "tax_detail_total",
                    "time_spent": 0,
                    "time_spent_overall": 0,
                    "url": "https://api.elis.rossum.ai/v1/annotations/32762322/content/3877884955",
                    "validation_sources": [
                      "not_found",
                    ],
                  },
                ],
                "id": 3877884951,
                "schema_id": "tax_detail",
                "url": "https://api.elis.rossum.ai/v1/annotations/32762322/content/3877884951",
              },
            ],
            "grid": {
              "parts": [],
            },
            "id": 3877884950,
            "schema_id": "tax_details",
            "time_spent": 0,
            "time_spent_grid": 0,
            "time_spent_grid_overall": 0,
            "time_spent_overall": 0,
            "url": "https://api.elis.rossum.ai/v1/annotations/32762322/content/3877884950",
          },
          {
            "category": "datapoint",
            "content": {
              "connector_position": null,
              "connector_text": null,
              "normalized_value": "0.00",
              "ocr_position": null,
              "ocr_raw_text": null,
              "ocr_text": null,
              "page": 1,
              "position": [
                1109,
                1056,
                1159,
                1080,
              ],
              "rir_confidence": 0.9311213545986899,
              "rir_page": 1,
              "rir_position": [
                1109,
                1056,
                1159,
                1080,
              ],
              "rir_raw_text": "0,00",
              "rir_text": "0.00",
              "value": "0.00",
            },
            "id": 3877884956,
            "schema_id": "amount_rounding",
            "time_spent": 0,
            "time_spent_overall": 0,
            "url": "https://api.elis.rossum.ai/v1/annotations/32762322/content/3877884956",
            "validation_sources": [
              "checks",
            ],
          },
          {
            "category": "datapoint",
            "content": {
              "connector_position": null,
              "connector_text": null,
              "normalized_value": null,
              "ocr_position": null,
              "ocr_raw_text": null,
              "ocr_text": null,
              "page": null,
              "position": null,
              "rir_confidence": 0.9863196889691246,
              "rir_page": null,
              "rir_position": null,
              "rir_raw_text": "",
              "rir_text": "",
              "value": "",
            },
            "id": 3877884957,
            "schema_id": "amount_paid",
            "time_spent": 0,
            "time_spent_overall": 0,
            "url": "https://api.elis.rossum.ai/v1/annotations/32762322/content/3877884957",
            "validation_sources": [
              "not_found",
            ],
          },
        ],
        "id": 3877884945,
        "schema_id": "totals_section",
        "url": "https://api.elis.rossum.ai/v1/annotations/32762322/content/3877884945",
      },
      {
        "category": "section",
        "children": [
          {
            "category": "datapoint",
            "content": {
              "connector_position": null,
              "connector_text": null,
              "normalized_value": null,
              "ocr_position": null,
              "ocr_raw_text": null,
              "ocr_text": null,
              "page": 1,
              "position": [
                114,
                108,
                300,
                144,
              ],
              "rir_confidence": 0.8435577720408175,
              "rir_page": 1,
              "rir_position": [
                114,
                108,
                300,
                144,
              ],
              "rir_raw_text": "SAYA spol. s r.o.",
              "rir_text": "SAYA spol. s r.o.",
              "value": "SAYA spol. s r.o.",
            },
            "id": 3877884959,
            "schema_id": "sender_name",
            "time_spent": 0,
            "time_spent_overall": 0,
            "url": "https://api.elis.rossum.ai/v1/annotations/32762322/content/3877884959",
            "validation_sources": [],
          },
          {
            "category": "datapoint",
            "content": {
              "connector_position": null,
              "connector_text": null,
              "normalized_value": null,
              "ocr_position": null,
              "ocr_raw_text": null,
              "ocr_text": null,
              "page": 1,
              "position": [
                112,
                192,
                380,
                246,
              ],
              "rir_confidence": 0.8123800462275231,
              "rir_page": 1,
              "rir_position": [
                112,
                192,
                380,
                246,
              ],
              "rir_raw_text": "831 06 Bratislava
SLOVENSKÁ REPUBLIKA",
              "rir_text": "831 06 Bratislava
SLOVENSKÁ REPUBLIKA",
              "value": "831 06 Bratislava
SLOVENSKÁ REPUBLIKA",
            },
            "id": 3877884960,
            "schema_id": "sender_address",
            "time_spent": 0,
            "time_spent_overall": 0,
            "url": "https://api.elis.rossum.ai/v1/annotations/32762322/content/3877884960",
            "validation_sources": [],
          },
          {
            "category": "datapoint",
            "content": {
              "connector_position": null,
              "connector_text": null,
              "normalized_value": null,
              "ocr_position": null,
              "ocr_raw_text": null,
              "ocr_text": null,
              "page": 1,
              "position": [
                186,
                258,
                278,
                288,
              ],
              "rir_confidence": 0.969218333227498,
              "rir_page": 1,
              "rir_position": [
                186,
                258,
                278,
                288,
              ],
              "rir_raw_text": "31367437",
              "rir_text": "31367437",
              "value": "31367437",
            },
            "id": 3877884961,
            "schema_id": "sender_ic",
            "time_spent": 0,
            "time_spent_overall": 0,
            "url": "https://api.elis.rossum.ai/v1/annotations/32762322/content/3877884961",
            "validation_sources": [],
          },
          {
            "category": "datapoint",
            "content": {
              "connector_position": null,
              "connector_text": null,
              "normalized_value": null,
              "ocr_position": null,
              "ocr_raw_text": null,
              "ocr_text": null,
              "page": 1,
              "position": [
                189,
                282,
                317,
                312,
              ],
              "rir_confidence": 0.9730803155914535,
              "rir_page": 1,
              "rir_position": [
                189,
                282,
                317,
                312,
              ],
              "rir_raw_text": "SK2020333645",
              "rir_text": "SK2020333645",
              "value": "SK2020333645",
            },
            "id": 3877884962,
            "schema_id": "sender_vat_id",
            "time_spent": 0,
            "time_spent_overall": 0,
            "url": "https://api.elis.rossum.ai/v1/annotations/32762322/content/3877884962",
            "validation_sources": [],
          },
          {
            "category": "datapoint",
            "content": {
              "connector_position": null,
              "connector_text": null,
              "normalized_value": null,
              "ocr_position": null,
              "ocr_raw_text": null,
              "ocr_text": null,
              "page": 1,
              "position": [
                113,
                462,
                231,
                486,
              ],
              "rir_confidence": 0.9419223080095104,
              "rir_page": 1,
              "rir_position": [
                113,
                462,
                231,
                486,
              ],
              "rir_raw_text": "saya@saya.sk",
              "rir_text": "saya@saya.sk",
              "value": "saya@saya.sk",
            },
            "id": 3877884963,
            "schema_id": "sender_email",
            "time_spent": 0,
            "time_spent_overall": 0,
            "url": "https://api.elis.rossum.ai/v1/annotations/32762322/content/3877884963",
            "validation_sources": [],
          },
          {
            "category": "datapoint",
            "content": {
              "connector_position": null,
              "connector_text": null,
              "normalized_value": null,
              "ocr_position": null,
              "ocr_raw_text": null,
              "ocr_text": null,
              "page": 1,
              "position": [
                112,
                516,
                388,
                552,
              ],
              "rir_confidence": 0.8566451933811656,
              "rir_page": 1,
              "rir_position": [
                112,
                516,
                388,
                552,
              ],
              "rir_raw_text": "Národná banka Slovenska",
              "rir_text": "Národná banka Slovenska",
              "value": "Národná banka Slovenska",
            },
            "id": 3877884964,
            "schema_id": "recipient_name",
            "time_spent": 0,
            "time_spent_overall": 0,
            "url": "https://api.elis.rossum.ai/v1/annotations/32762322/content/3877884964",
            "validation_sources": [],
          },
          {
            "category": "datapoint",
            "content": {
              "connector_position": null,
              "connector_text": null,
              "normalized_value": null,
              "ocr_position": null,
              "ocr_raw_text": null,
              "ocr_text": null,
              "page": 1,
              "position": [
                110,
                546,
                308,
                600,
              ],
              "rir_confidence": 0.5868286094718428,
              "rir_page": 1,
              "rir_position": [
                110,
                546,
                308,
                600,
              ],
              "rir_raw_text": "Imricha Karvaša 1
813 25 Bratislava",
              "rir_text": "Imricha Karvaša 1
813 25 Bratislava",
              "value": "Imricha Karvaša 1
813 25 Bratislava",
            },
            "id": 3877884965,
            "schema_id": "recipient_address",
            "time_spent": 0,
            "time_spent_overall": 0,
            "url": "https://api.elis.rossum.ai/v1/annotations/32762322/content/3877884965",
            "validation_sources": [],
          },
          {
            "category": "datapoint",
            "content": {
              "connector_position": null,
              "connector_text": null,
              "normalized_value": null,
              "ocr_position": null,
              "ocr_raw_text": null,
              "ocr_text": null,
              "page": 1,
              "position": [
                183,
                672,
                275,
                702,
              ],
              "rir_confidence": 0.9895358054509619,
              "rir_page": 1,
              "rir_position": [
                183,
                672,
                275,
                702,
              ],
              "rir_raw_text": "30844789",
              "rir_text": "30844789",
              "value": "30844789",
            },
            "id": 3877884966,
            "schema_id": "recipient_ic",
            "time_spent": 0,
            "time_spent_overall": 0,
            "url": "https://api.elis.rossum.ai/v1/annotations/32762322/content/3877884966",
            "validation_sources": [
              "score",
            ],
          },
          {
            "category": "datapoint",
            "content": {
              "connector_position": null,
              "connector_text": null,
              "normalized_value": null,
              "ocr_position": null,
              "ocr_raw_text": null,
              "ocr_text": null,
              "page": 1,
              "position": [
                188,
                696,
                316,
                720,
              ],
              "rir_confidence": 0.9757391015215531,
              "rir_page": 1,
              "rir_position": [
                188,
                696,
                316,
                720,
              ],
              "rir_raw_text": "SK2020815654",
              "rir_text": "SK2020815654",
              "value": "SK2020815654",
            },
            "id": 3877884967,
            "schema_id": "recipient_vat_id",
            "time_spent": 0,
            "time_spent_overall": 0,
            "url": "https://api.elis.rossum.ai/v1/annotations/32762322/content/3877884967",
            "validation_sources": [
              "score",
            ],
          },
          {
            "category": "datapoint",
            "content": {
              "connector_position": null,
              "connector_text": null,
              "normalized_value": null,
              "ocr_position": null,
              "ocr_raw_text": null,
              "ocr_text": null,
              "page": null,
              "position": null,
              "rir_confidence": 0.9390997900721263,
              "rir_page": null,
              "rir_position": null,
              "rir_raw_text": "",
              "rir_text": "",
              "value": "",
            },
            "id": 3877884968,
            "schema_id": "recipient_delivery_name",
            "time_spent": 0,
            "time_spent_overall": 0,
            "url": "https://api.elis.rossum.ai/v1/annotations/32762322/content/3877884968",
            "validation_sources": [
              "not_found",
            ],
          },
          {
            "category": "datapoint",
            "content": {
              "connector_position": null,
              "connector_text": null,
              "normalized_value": null,
              "ocr_position": null,
              "ocr_raw_text": null,
              "ocr_text": null,
              "page": null,
              "position": null,
              "rir_confidence": 0.9270084829974929,
              "rir_page": null,
              "rir_position": null,
              "rir_raw_text": "",
              "rir_text": "",
              "value": "",
            },
            "id": 3877884969,
            "schema_id": "recipient_delivery_address",
            "time_spent": 0,
            "time_spent_overall": 0,
            "url": "https://api.elis.rossum.ai/v1/annotations/32762322/content/3877884969",
            "validation_sources": [
              "not_found",
            ],
          },
        ],
        "id": 3877884958,
        "schema_id": "vendor_section",
        "url": "https://api.elis.rossum.ai/v1/annotations/32762322/content/3877884958",
      },
      {
        "category": "section",
        "children": [
          {
            "category": "multivalue",
            "children": [
              [
                {
                  "category": "tuple",
                  "children": [
                    {
                      "category": "datapoint",
                      "content": {
                        "connector_position": null,
                        "connector_text": null,
                        "normalized_value": null,
                        "ocr_position": null,
                        "ocr_raw_text": null,
                        "ocr_text": null,
                        "page": null,
                        "position": null,
                        "rir_confidence": null,
                        "rir_page": null,
                        "rir_position": null,
                        "rir_raw_text": "",
                        "rir_text": "",
                        "value": "",
                      },
                      "id": 3877884973,
                      "schema_id": "item_amount_total",
                      "time_spent": 0,
                      "time_spent_overall": 0,
                      "url": "https://api.elis.rossum.ai/v1/annotations/32762322/content/3877884973",
                      "validation_sources": [
                        "not_found",
                      ],
                    },
                    {
                      "category": "datapoint",
                      "content": {
                        "connector_position": null,
                        "connector_text": null,
                        "normalized_value": null,
                        "ocr_position": null,
                        "ocr_raw_text": null,
                        "ocr_text": null,
                        "page": null,
                        "position": null,
                        "rir_confidence": null,
                        "rir_page": null,
                        "rir_position": null,
                        "rir_raw_text": "",
                        "rir_text": "",
                        "value": "",
                      },
                      "id": 3877884974,
                      "schema_id": "item_code",
                      "time_spent": 0,
                      "time_spent_overall": 0,
                      "url": "https://api.elis.rossum.ai/v1/annotations/32762322/content/3877884974",
                      "validation_sources": [
                        "not_found",
                      ],
                    },
                    {
                      "category": "datapoint",
                      "content": {
                        "connector_position": null,
                        "connector_text": null,
                        "normalized_value": "1.00",
                        "ocr_position": null,
                        "ocr_raw_text": null,
                        "ocr_text": null,
                        "page": 1,
                        "position": [
                          738,
                          830,
                          829,
                          853,
                        ],
                        "rir_confidence": 0.9844836759436919,
                        "rir_page": 1,
                        "rir_position": [
                          738,
                          830,
                          829,
                          853,
                        ],
                        "rir_raw_text": "1,00",
                        "rir_text": "1.00",
                        "value": "1.00",
                      },
                      "id": 3877884975,
                      "schema_id": "item_quantity",
                      "time_spent": 0,
                      "time_spent_overall": 0,
                      "url": "https://api.elis.rossum.ai/v1/annotations/32762322/content/3877884975",
                      "validation_sources": [
                        "checks",
                        "score",
                      ],
                    },
                    {
                      "category": "datapoint",
                      "content": {
                        "connector_position": null,
                        "connector_text": null,
                        "normalized_value": null,
                        "ocr_position": null,
                        "ocr_raw_text": null,
                        "ocr_text": null,
                        "page": 1,
                        "position": [
                          114,
                          830,
                          251,
                          855,
                        ],
                        "rir_confidence": 0.8465405741872857,
                        "rir_page": 1,
                        "rir_position": [
                          114,
                          830,
                          251,
                          855,
                        ],
                        "rir_raw_text": "servisné poplatky",
                        "rir_text": "servisné poplatky",
                        "value": "servisné poplatky",
                      },
                      "id": 3877884976,
                      "schema_id": "item_description",
                      "time_spent": 0,
                      "time_spent_overall": 0,
                      "url": "https://api.elis.rossum.ai/v1/annotations/32762322/content/3877884976",
                      "validation_sources": [],
                    },
                    {
                      "category": "datapoint",
                      "content": {
                        "connector_position": null,
                        "connector_text": null,
                        "normalized_value": null,
                        "ocr_position": null,
                        "ocr_raw_text": null,
                        "ocr_text": null,
                        "page": null,
                        "position": null,
                        "rir_confidence": null,
                        "rir_page": null,
                        "rir_position": null,
                        "rir_raw_text": "",
                        "rir_text": "",
                        "value": "",
                      },
                      "id": 3877884977,
                      "schema_id": "item_amount",
                      "time_spent": 0,
                      "time_spent_overall": 0,
                      "url": "https://api.elis.rossum.ai/v1/annotations/32762322/content/3877884977",
                      "validation_sources": [
                        "not_found",
                      ],
                    },
                    {
                      "category": "datapoint",
                      "content": null,
                      "id": 3877884978,
                      "schema_id": "button_update",
                      "time_spent": 0,
                      "time_spent_overall": 0,
                      "url": "https://api.elis.rossum.ai/v1/annotations/32762322/content/3877884978",
                      "validation_sources": [
                        "NA",
                      ],
                    },
                    {
                      "category": "datapoint",
                      "content": {
                        "connector_position": null,
                        "connector_text": null,
                        "normalized_value": null,
                        "ocr_position": null,
                        "ocr_raw_text": null,
                        "ocr_text": null,
                        "page": null,
                        "position": null,
                        "rir_confidence": null,
                        "rir_page": null,
                        "rir_position": null,
                        "rir_raw_text": "",
                        "rir_text": "",
                        "value": "",
                      },
                      "id": 3877884979,
                      "schema_id": "item_uom",
                      "time_spent": 0,
                      "time_spent_overall": 0,
                      "url": "https://api.elis.rossum.ai/v1/annotations/32762322/content/3877884979",
                      "validation_sources": [
                        "not_found",
                      ],
                    },
                    {
                      "category": "datapoint",
                      "content": {
                        "connector_position": null,
                        "connector_text": null,
                        "normalized_value": "1888.12",
                        "ocr_position": null,
                        "ocr_raw_text": null,
                        "ocr_text": null,
                        "page": 1,
                        "position": [
                          924,
                          830,
                          1019,
                          853,
                        ],
                        "rir_confidence": 0.9845094596171701,
                        "rir_page": 1,
                        "rir_position": [
                          924,
                          830,
                          1019,
                          853,
                        ],
                        "rir_raw_text": "1 888,12",
                        "rir_text": "1,888.12",
                        "value": "1,888.12",
                      },
                      "id": 3877884980,
                      "schema_id": "item_amount_base",
                      "time_spent": 0,
                      "time_spent_overall": 0,
                      "url": "https://api.elis.rossum.ai/v1/annotations/32762322/content/3877884980",
                      "validation_sources": [
                        "checks",
                        "score",
                      ],
                    },
                    {
                      "category": "datapoint",
                      "content": {
                        "connector_position": null,
                        "connector_text": null,
                        "normalized_value": null,
                        "ocr_position": null,
                        "ocr_raw_text": null,
                        "ocr_text": null,
                        "page": null,
                        "position": null,
                        "rir_confidence": null,
                        "rir_page": null,
                        "rir_position": null,
                        "rir_raw_text": "",
                        "rir_text": "",
                        "value": "",
                      },
                      "id": 3877884981,
                      "schema_id": "item_rate",
                      "time_spent": 0,
                      "time_spent_overall": 0,
                      "url": "https://api.elis.rossum.ai/v1/annotations/32762322/content/3877884981",
                      "validation_sources": [
                        "not_found",
                      ],
                    },
                    {
                      "category": "datapoint",
                      "content": {
                        "connector_position": null,
                        "connector_text": null,
                        "normalized_value": null,
                        "ocr_position": null,
                        "ocr_raw_text": null,
                        "ocr_text": null,
                        "page": null,
                        "position": null,
                        "rir_confidence": null,
                        "rir_page": null,
                        "rir_position": null,
                        "rir_raw_text": "",
                        "rir_text": "",
                        "value": "",
                      },
                      "id": 3877884982,
                      "schema_id": "item_tax",
                      "time_spent": 0,
                      "time_spent_overall": 0,
                      "url": "https://api.elis.rossum.ai/v1/annotations/32762322/content/3877884982",
                      "validation_sources": [
                        "not_found",
                      ],
                    },
                    {
                      "category": "datapoint",
                      "content": {
                        "connector_position": null,
                        "connector_text": null,
                        "normalized_value": "1888.12",
                        "ocr_position": null,
                        "ocr_raw_text": null,
                        "ocr_text": null,
                        "page": 1,
                        "position": [
                          1056,
                          830,
                          1163,
                          853,
                        ],
                        "rir_confidence": 0.8959575893452792,
                        "rir_page": 1,
                        "rir_position": [
                          1056,
                          830,
                          1163,
                          853,
                        ],
                        "rir_raw_text": "1 888,12",
                        "rir_text": "1,888.12",
                        "value": "1,888.12",
                      },
                      "id": 3877884983,
                      "schema_id": "item_total_base",
                      "time_spent": 0,
                      "time_spent_overall": 0,
                      "url": "https://api.elis.rossum.ai/v1/annotations/32762322/content/3877884983",
                      "validation_sources": [
                        "checks",
                      ],
                    },
                    {
                      "category": "datapoint",
                      "content": {
                        "connector_position": null,
                        "connector_text": null,
                        "normalized_value": null,
                        "ocr_position": null,
                        "ocr_raw_text": null,
                        "ocr_text": null,
                        "page": null,
                        "position": null,
                        "rir_confidence": null,
                        "rir_page": null,
                        "rir_position": null,
                        "rir_raw_text": "",
                        "rir_text": "",
                        "value": "",
                      },
                      "id": 3877884984,
                      "schema_id": "item_other",
                      "time_spent": 0,
                      "time_spent_overall": 0,
                      "url": "https://api.elis.rossum.ai/v1/annotations/32762322/content/3877884984",
                      "validation_sources": [
                        "not_found",
                      ],
                    },
                  ],
                  "id": 3877884972,
                  "schema_id": "line_item",
                  "url": "https://api.elis.rossum.ai/v1/annotations/32762322/content/3877884972",
                },
              ],
            ],
            "grid": {
              "parts": [
                {
                  "columns": [
                    {
                      "header_texts": [
                        "Popis",
                      ],
                      "left_position": 114,
                      "schema_id": "item_description",
                    },
                    {
                      "header_texts": [],
                      "left_position": 251,
                      "schema_id": null,
                    },
                    {
                      "header_texts": [
                        "DPH
%",
                      ],
                      "left_position": 684,
                      "schema_id": "item_rate",
                    },
                    {
                      "header_texts": [
                        "Množstvo
]",
                      ],
                      "left_position": 732,
                      "schema_id": "item_quantity",
                    },
                    {
                      "header_texts": [
                        "Jedn.",
                      ],
                      "left_position": 834,
                      "schema_id": "item_uom",
                    },
                    {
                      "header_texts": [
                        "Cena za j.
bez DPH",
                      ],
                      "left_position": 908,
                      "schema_id": "item_amount_base",
                    },
                    {
                      "header_texts": [
                        "Spolu
bez DPH",
                      ],
                      "left_position": 1037,
                      "schema_id": "item_total_base",
                    },
                  ],
                  "height": 52,
                  "page": 1,
                  "rows": [
                    {
                      "top_position": 829,
                      "tuple_id": 3877884972,
                      "type": "data",
                    },
                    {
                      "top_position": 855,
                      "tuple_id": 3877884985,
                      "type": "data",
                    },
                  ],
                  "width": 1049,
                },
              ],
            },
            "id": 3877884971,
            "schema_id": "line_items",
            "time_spent": 5.95,
            "time_spent_grid": 0,
            "time_spent_grid_overall": 0,
            "time_spent_overall": 22.45,
            "url": "https://api.elis.rossum.ai/v1/annotations/32762322/content/3877884971",
          },
        ],
        "id": 3877884970,
        "schema_id": "line_items_section",
        "url": "https://api.elis.rossum.ai/v1/annotations/32762322/content/3877884970",
      },
      {
        "category": "section",
        "children": [
          {
            "category": "datapoint",
            "content": {
              "connector_position": null,
              "connector_text": null,
              "normalized_value": null,
              "ocr_position": null,
              "ocr_raw_text": null,
              "ocr_text": null,
              "page": null,
              "position": null,
              "rir_confidence": null,
              "rir_page": null,
              "rir_position": null,
              "rir_raw_text": "",
              "rir_text": "",
              "value": "",
            },
            "id": 3877884999,
            "schema_id": "notes",
            "time_spent": 0,
            "time_spent_overall": 0,
            "url": "https://api.elis.rossum.ai/v1/annotations/32762322/content/3877884999",
            "validation_sources": [
              "non_required",
            ],
          },
        ],
        "id": 3877884998,
        "schema_id": "other_section",
        "url": "https://api.elis.rossum.ai/v1/annotations/32762322/content/3877884998",
      },
    ],
    "created_at": "2023-05-23T19:31:41.326647Z",
    "creator": "https://api.elis.rossum.ai/v1/users/359651",
    "deleted_at": null,
    "deleted_by": null,
    "document": "https://api.elis.rossum.ai/v1/documents/35060959",
    "email": null,
    "email_thread": null,
    "exported_at": null,
    "exported_by": null,
    "has_email_thread_with_new_replies": false,
    "has_email_thread_with_replies": false,
    "id": 32762322,
    "messages": [],
    "metadata": {},
    "modified_at": "2023-05-23T19:32:34.233327Z",
    "modifier": "https://api.elis.rossum.ai/v1/users/359651",
    "organization": "https://api.elis.rossum.ai/v1/organizations/214757",
    "pages": [
      "https://api.elis.rossum.ai/v1/pages/77697047",
    ],
    "prediction": {
      "source": "engine_instant_learning",
      "version": null,
    },
    "previous_status": null,
    "purged_at": null,
    "purged_by": null,
    "queue": "https://api.elis.rossum.ai/v1/queues/916751",
    "rejected_at": null,
    "rejected_by": null,
    "related_emails": [],
    "relations": [],
    "rir_poll_id": "69a24c345a984abd80d1ec71",
    "schema": "https://api.elis.rossum.ai/v1/schemas/5281711",
    "status": "reviewing",
    "suggested_edit": null,
    "time_spent": 1.67,
    "url": "https://api.elis.rossum.ai/v1/annotations/32762322",
  },
  "base_url": "https://elis.rossum.ai",
  "document": {
    "arrived_at": "2023-05-23T19:31:40.937515Z",
    "attachment_status": null,
    "content": "https://api.elis.rossum.ai/v1/documents/35060959/content",
    "created_at": "2023-05-23T19:31:40.937515Z",
    "creator": "https://api.elis.rossum.ai/v1/users/359651",
    "email": null,
    "id": 35060959,
    "metadata": {},
    "mime_type": "application/pdf",
    "original_file_name": "Slovak sample invoice.pdf",
    "parent": null,
    "s3_name": "85e9ed044fbe7b3ebbe77182e96b9113_876d2707d2b5456588370853ee16c78c",
    "url": "https://api.elis.rossum.ai/v1/documents/35060959",
  },
  "event": "annotation_content",
  "hook": "https://api.elis.rossum.ai/v1/hooks/266845",
  "request_id": "6b93d9a5-f15a-48f8-b7ee-4bd090a478c9",
  "rossum_authorization_token": "44f3435b54bdfef7116722a8a374a99055792ef2",
  "secrets": {},
  "settings": {},
  "timestamp": "2023-05-23T19:33:11.360007Z",
  "updated_datapoints": [
    3877884978,
  ],
}
`;
