// Jest Snapshot v1, https://goo.gl/fbAQLP

exports[`prints the config correctly 1`] = `
"[declarations]
.+/node_modules/.+

[ignore]
<PROJECT_ROOT>/\\.git/.*
.+/.+\\.gzip\\.js
.+/\\.next/.+
.+/bazel-bin/.+
.+/bazel-out/.+
.+/bazel-testlogs/.+
.+/bazel-universe/.+

[include]


[libs]
./flow-typed/
./src/monorepo-scanner/src/flow/

[lints]
all=error
ambiguous-object-type=off
sketchy-null-bool=off
unclear-type=off
untyped-import=off

[options]
emoji=true
exact_by_default=true
include_warnings=true
facebook.fbt=FbtWithoutString
react.runtime=automatic
module.ignore_non_literal_requires=true
suppress_type=$FlowFixMe
experimental.const_params=true

[rollouts]

[strict]
ambiguous-object-type
sketchy-null-bool
unclear-type
untyped-import

[untyped]


[version]
"
`;
